// Jest Snapshot v1, https://goo.gl/fbAQLP

exports[`should render Login correctly 1`] = `
<div
  className="box-layout"
>
  <div
    className="box-layout__box"
  >
    <h1
      className="box-layout__title"
    >
      BoilerPlate
    </h1>
    <p>
      Boilerplate React Firebase App
    </p>
    <button
      className="btn"
    >
      Login with Google
    </button>
  </div>
</div>
`;
