// Jest Snapshot v1, https://goo.gl/fbAQLP

exports[`should render NotFound correctly 1`] = `
<div>
  <div>
    Oops! - Sorry, but we could not find the page you are looking for
  </div>
  <div>
    404! - 
    <Link
      replace={false}
      to="/"
    >
      Go Home
    </Link>
  </div>
</div>
`;
